all exit=0
crashbig exit=0
tiering exit=0
race exit=0
users_1 exit=0
users_2 exit=0
users_3 exit=0
users_4 exit=0
users_5 exit=0
isolate exit=0
latency exit=0
latencyload exit=0
spread exit=0
split exit=0
fo_1 exit=0
fo_2 exit=0
fo_3 exit=0
fo_4 exit=0
fo_5 exit=0
fo_6 exit=0
fo_7 exit=0
fo_8 exit=0
fo_9 exit=0
fo_10 exit=0
fo_11 exit=0
fo_12 exit=0
delta exit=0
delta_long exit=0
newuser_local exit=0
demo_local exit=0
sim_crash exit=0
sim_upsert exit=0
sim_fence exit=0
sim_users exit=0
sim_fo_1 exit=0
sim_fo_2 exit=0
sim_isolate exit=0
sim_latency exit=0
sim_spread exit=0
sim_newuser exit=0
sim_delta exit=0
r2_delta exit=0
r2_newuser exit=0
r2_users exit=0
r2_latency exit=0
r2_failover exit=0
r2_crash exit=0
ssd_demo exit=0
alldone
