{
 "lake": "s3://pondbucket/test-050184db",
 "pondra": {
  "events": 15000,
  "kv": 50,
  "totals": 100,
  "dims": 100
 },
 "external": {
  "events": {
   "delta-rs": 15000,
   "polars": 15000,
   "duckdb": 15000
  },
  "kv": {
   "delta-rs": 50,
   "polars": 50,
   "duckdb": 50
  },
  "totals": {
   "delta-rs": 100,
   "polars": 100,
   "duckdb": 100
  },
  "dims": {
   "delta-rs": 100,
   "polars": 100,
   "duckdb": 100
  }
 },
 "match": true
}
{"external_freshness_ms": {"tier_secs": 2.0, "ack_p50": 256, "new_delta_version_p50": 1644, "visible_to_delta_rs_p50": 3680, "max": 4115, "samples": 5, "one_delta_rs_read_p50": null}}
