{
 "lake": "s3://pondbucket/round6/test-e387f952",
 "pondra": {
  "events": 15000,
  "kv": 50,
  "totals": 100,
  "dims": 100
 },
 "external": {
  "events": {
   "delta-rs": 15000,
   "polars": 15000,
   "duckdb": 15000
  },
  "kv": {
   "delta-rs": 50,
   "polars": 50,
   "duckdb": 50
  },
  "totals": {
   "delta-rs": 100,
   "polars": 100,
   "duckdb": 100
  },
  "dims": {
   "delta-rs": 100,
   "polars": 100,
   "duckdb": 100
  }
 },
 "match": true
}
{"external_freshness_ms": {"tier_secs": 2.0, "ack_p50": 663, "new_delta_version_p50": 4811, "visible_to_delta_rs_p50": 10461, "max": 12461, "samples": 7, "one_delta_rs_read_p50": null}}
